// Jest Snapshot v1, https://goo.gl/fbAQLP

exports[`renders correctly 1`] = `
Array [
  <header>
    <div
      className="Navbar"
    >
      <a
        aria-current="page"
        className="active"
        href="/"
        onClick={[Function]}
        style={Object {}}
      >
        <div
          className="LogoContainer"
        >
          <h1>
            Pokedex
          </h1>
        </div>
      </a>
      <div
        className="Right"
      >
        <a
          aria-current={null}
          href="/login"
          onClick={[Function]}
        >
          <button
            className="ui blue button"
            onClick={[Function]}
          >
            Log in
          </button>
        </a>
        <a
          aria-current={null}
          href="/register"
          onClick={[Function]}
        >
          <button
            className="ui green button"
            onClick={[Function]}
          >
            Register
          </button>
        </a>
      </div>
    </div>
  </header>,
  <div
    className="Body"
  >
    <div
      className="PokedexHome"
    >
      <h2>
        Welcome
      </h2>
      <p>
        Lorem ipsum
      </p>
    </div>
  </div>,
]
`;
